{"originalRequest":"Request {\n  host                 = \"api.convertkit.com\"\n  port                 = 443\n  secure               = True\n  requestHeaders       = [(\"Content-Type\",\"application/json\"),(\"User-Agent\",\"haskell wreq-0.5.4.2\")]\n  path                 = \"/v3/tags/4059942/subscribe\"\n  queryString          = \"\"\n  method               = \"POST\"\n  proxy                = Nothing\n  rawBody              = False\n  redirectCount        = 10\n  responseTimeout      = ResponseTimeoutDefault\n  requestVersion       = HTTP/1.1\n  proxySecureMode      = ProxySecureWithConnect\n}\n","respBody":"{\"subscription\":{\"id\":8562677657,\"state\":\"active\",\"created_at\":\"2024-07-01T21:37:17.000Z\",\"source\":\"API::V3::SubscriptionsController (external)\",\"referrer\":null,\"subscribable_id\":4059942,\"subscribable_type\":\"tag\",\"subscriber\":{\"id\":2781283511}}}","responseEarlyHints":[],"responseHeaders":[["Date","Mon, 01 Jul 2024 21:37:17 GMT"],["Content-Type","application/json; charset=utf-8"],["Content-Length","245"],["Connection","keep-alive"],["Server","nginx"],["X-Frame-Options","ALLOWALL"],["X-XSS-Protection","0"],["X-Content-Type-Options","nosniff"],["X-Permitted-Cross-Domain-Policies","none"],["Referrer-Policy","strict-origin-when-cross-origin"],["ETag","W/\"31e8fb33256eb0264e3865d14e0817ad\""],["Cache-Control","max-age=0, private, must-revalidate"],["X-Request-Id","9c1530e9-4bf8-41fa-bc8d-fb8893c56653"],["X-Runtime","0.257820"],["Strict-Transport-Security","max-age=63072000; includeSubDomains"],["vary","Origin"]],"statusCode":200,"statusMessage":"OK"}